[debug] [2026-09-04T02:48:18.219Z] ----------------------------------------------------------------------
[debug] [2026-09-04T02:48:18.222Z] Command:       C:\Program Files\nodejs\node.exe C:\Users\Axel Aaron\AppData\Roaming\npm\node_modules\firebase-tools\lib\bin\firebase.js init dataconnect
[debug] [2026-09-04T02:48:18.222Z] CLI Version:   15.29.0
[debug] [2026-09-04T02:48:18.222Z] Platform:      win32
[debug] [2026-09-04T02:48:18.223Z] Node Version:  v22.19.0
[debug] [2026-09-04T02:48:18.223Z] Detected Agent: unknown
[debug] [2026-09-04T02:48:18.223Z] Time:          Thu Sep 03 2026 20:48:18 GMT-0600 (hora estándar central)
[debug] [2026-09-04T02:48:18.223Z] ----------------------------------------------------------------------
[debug] 
[info] 
     ######## #### ########  ######## ########     ###     ######  ########
     ##        ##  ##     ## ##       ##     ##  ##   ##  ##       ##
     ######    ##  ########  ######   ########  #########  ######  ######
     ##        ##  ##    ##  ##       ##     ## ##     ##       ## ##
     ##       #### ##     ## ######## ########  ##     ##  ######  ########

You're about to initialize a Firebase project in this directory:

  C:\Users\AxelA\Desktop\negocios-2

Before we get started, keep in mind:

  * You are currently outside your home directory
  * You are initializing within an existing Firebase project directory

[info] 
=== Project Setup
[info] 
[info] First, let's associate this project directory with a Firebase project.
[info] You can create multiple project aliases by running firebase use --add, 
[info] 
[debug] [2026-09-04T02:48:32.839Z] > command requires scopes: ["email","openid","https://www.googleapis.com/auth/cloudplatformprojects.readonly","https://www.googleapis.com/auth/firebase","https://www.googleapis.com/auth/cloud-platform"]
[debug] [2026-09-04T02:48:32.840Z] > authorizing via signed-in user (axelaaronpalacioz@gmail.com)
[debug] [2026-09-04T02:48:32.880Z] Checked if tokens are valid: true, expires at: 1788493482737
[debug] [2026-09-04T02:48:32.880Z] Checked if tokens are valid: true, expires at: 1788493482737
[debug] [2026-09-04T02:48:32.885Z] >>> [apiv2][query] GET https://firebase.googleapis.com/v1beta1/projects pageSize=100
[debug] [2026-09-04T02:48:33.396Z] <<< [apiv2][status] GET https://firebase.googleapis.com/v1beta1/projects 200
[debug] [2026-09-04T02:48:33.396Z] <<< [apiv2][body] GET https://firebase.googleapis.com/v1beta1/projects [omitted]
[info] 
=== Dataconnect Setup
[info] i  dataconnect: ensuring required API firebasedataconnect.googleapis.com is enabled... 
[debug] [2026-09-04T02:48:37.943Z] Checked if tokens are valid: true, expires at: 1788493482737
[debug] [2026-09-04T02:48:37.943Z] Checked if tokens are valid: true, expires at: 1788493482737
[info] i  dataconnect: ensuring required API sqladmin.googleapis.com is enabled... 
[debug] [2026-09-04T02:48:37.946Z] Checked if tokens are valid: true, expires at: 1788493482737
[debug] [2026-09-04T02:48:37.946Z] Checked if tokens are valid: true, expires at: 1788493482737
[debug] [2026-09-04T02:48:37.949Z] >>> [apiv2][query] GET https://serviceusage.googleapis.com/v1/projects/bigotes-y-patitas/services/firebasedataconnect.googleapis.com [none]
[debug] [2026-09-04T02:48:37.950Z] >>> [apiv2][(partial)header] GET https://serviceusage.googleapis.com/v1/projects/bigotes-y-patitas/services/firebasedataconnect.googleapis.com  x-goog-user-project=bigotes-y-patitas
[debug] [2026-09-04T02:48:37.955Z] >>> [apiv2][query] GET https://serviceusage.googleapis.com/v1/projects/bigotes-y-patitas/services/sqladmin.googleapis.com [none]
[debug] [2026-09-04T02:48:37.956Z] >>> [apiv2][(partial)header] GET https://serviceusage.googleapis.com/v1/projects/bigotes-y-patitas/services/sqladmin.googleapis.com  x-goog-user-project=bigotes-y-patitas
[debug] [2026-09-04T02:48:38.952Z] <<< [apiv2][status] GET https://serviceusage.googleapis.com/v1/projects/bigotes-y-patitas/services/firebasedataconnect.googleapis.com 200
[debug] [2026-09-04T02:48:38.953Z] <<< [apiv2][body] GET https://serviceusage.googleapis.com/v1/projects/bigotes-y-patitas/services/firebasedataconnect.googleapis.com [omitted]
[info] +  dataconnect: required API firebasedataconnect.googleapis.com is enabled 
[debug] [2026-09-04T02:48:39.548Z] <<< [apiv2][status] GET https://serviceusage.googleapis.com/v1/projects/bigotes-y-patitas/services/sqladmin.googleapis.com 200
[debug] [2026-09-04T02:48:39.549Z] <<< [apiv2][body] GET https://serviceusage.googleapis.com/v1/projects/bigotes-y-patitas/services/sqladmin.googleapis.com [omitted]
[info] +  dataconnect: required API sqladmin.googleapis.com is enabled 
[debug] [2026-09-04T02:48:39.554Z] Checked if tokens are valid: true, expires at: 1788493482737
[debug] [2026-09-04T02:48:39.554Z] Checked if tokens are valid: true, expires at: 1788493482737
[debug] [2026-09-04T02:48:39.554Z] >>> [apiv2][query] GET https://firebasedataconnect.googleapis.com/v1/projects/bigotes-y-patitas/locations/-/services [none]
[debug] [2026-09-04T02:48:40.307Z] <<< [apiv2][status] GET https://firebasedataconnect.googleapis.com/v1/projects/bigotes-y-patitas/locations/-/services 200
[debug] [2026-09-04T02:48:40.308Z] <<< [apiv2][body] GET https://firebasedataconnect.googleapis.com/v1/projects/bigotes-y-patitas/locations/-/services {}
[debug] [2026-09-04T02:49:40.756Z] Checked if tokens are valid: true, expires at: 1788493482737
[debug] [2026-09-04T02:49:40.756Z] Checked if tokens are valid: true, expires at: 1788493482737
[debug] [2026-09-04T02:49:40.756Z] >>> [apiv2][query] GET https://serviceusage.googleapis.com/v1/projects/bigotes-y-patitas/services/cloudbilling.googleapis.com [none]
[debug] [2026-09-04T02:49:40.756Z] >>> [apiv2][(partial)header] GET https://serviceusage.googleapis.com/v1/projects/bigotes-y-patitas/services/cloudbilling.googleapis.com  x-goog-user-project=bigotes-y-patitas
[debug] [2026-09-04T02:49:41.289Z] <<< [apiv2][status] GET https://serviceusage.googleapis.com/v1/projects/bigotes-y-patitas/services/cloudbilling.googleapis.com 200
[debug] [2026-09-04T02:49:41.289Z] <<< [apiv2][body] GET https://serviceusage.googleapis.com/v1/projects/bigotes-y-patitas/services/cloudbilling.googleapis.com [omitted]
[debug] [2026-09-04T02:49:41.291Z] Checked if tokens are valid: true, expires at: 1788493482737
[debug] [2026-09-04T02:49:41.291Z] Checked if tokens are valid: true, expires at: 1788493482737
[debug] [2026-09-04T02:49:41.292Z] >>> [apiv2][query] POST https://serviceusage.googleapis.com/v1/projects/bigotes-y-patitas/services/cloudbilling.googleapis.com:enable [none]
[debug] [2026-09-04T02:49:41.292Z] >>> [apiv2][(partial)header] POST https://serviceusage.googleapis.com/v1/projects/bigotes-y-patitas/services/cloudbilling.googleapis.com:enable  x-goog-user-project=bigotes-y-patitas
[debug] [2026-09-04T02:49:41.776Z] <<< [apiv2][status] POST https://serviceusage.googleapis.com/v1/projects/bigotes-y-patitas/services/cloudbilling.googleapis.com:enable 200
[debug] [2026-09-04T02:49:41.776Z] <<< [apiv2][body] POST https://serviceusage.googleapis.com/v1/projects/bigotes-y-patitas/services/cloudbilling.googleapis.com:enable [omitted]
[debug] [2026-09-04T02:49:51.808Z] Checked if tokens are valid: true, expires at: 1788493482737
[debug] [2026-09-04T02:49:51.810Z] Checked if tokens are valid: true, expires at: 1788493482737
[debug] [2026-09-04T02:49:51.811Z] >>> [apiv2][query] GET https://cloudbilling.googleapis.com/v1/projects/bigotes-y-patitas/billingInfo [none]
[debug] [2026-09-04T02:49:51.812Z] >>> [apiv2][(partial)header] GET https://cloudbilling.googleapis.com/v1/projects/bigotes-y-patitas/billingInfo  x-goog-user-project=bigotes-y-patitas
[debug] [2026-09-04T02:49:52.139Z] <<< [apiv2][status] GET https://cloudbilling.googleapis.com/v1/projects/bigotes-y-patitas/billingInfo 200
[debug] [2026-09-04T02:49:52.139Z] <<< [apiv2][body] GET https://cloudbilling.googleapis.com/v1/projects/bigotes-y-patitas/billingInfo {"name":"projects/bigotes-y-patitas/billingInfo","projectId":"bigotes-y-patitas","billingAccountName":"","billingEnabled":false}
[debug] [2026-09-04T02:49:52.141Z] Checked if tokens are valid: true, expires at: 1788493482737
[debug] [2026-09-04T02:49:52.141Z] Checked if tokens are valid: true, expires at: 1788493482737
[debug] [2026-09-04T02:49:52.143Z] >>> [apiv2][query] GET https://monitoring.googleapis.com/v3/projects/bigotes-y-patitas/timeSeries/ filter=metric.type%3D%22serviceruntime.googleapis.com%2Fquota%2Fallocation%2Fusage%22+AND+metric.label.quota_metric+%3D+%22sqladmin.googleapis.com%2Ffdc_lifetime_free_trial_per_project%22&interval.endTime=2026-09-04T02%3A49%3A52.140Z&interval.startTime=2026-08-28T02%3A49%3A52.140Z
[debug] [2026-09-04T02:49:53.188Z] <<< [apiv2][status] GET https://monitoring.googleapis.com/v3/projects/bigotes-y-patitas/timeSeries/ 200
[debug] [2026-09-04T02:49:53.189Z] <<< [apiv2][body] GET https://monitoring.googleapis.com/v3/projects/bigotes-y-patitas/timeSeries/ {"unit":"1"}
[info] +  dataconnect: CloudSQL no cost trial available! 
[debug] [2026-09-04T02:49:53.191Z] Checked if tokens are valid: true, expires at: 1788493482737
[debug] [2026-09-04T02:49:53.191Z] Checked if tokens are valid: true, expires at: 1788493482737
[debug] [2026-09-04T02:49:53.192Z] >>> [apiv2][query] GET https://sqladmin.googleapis.com/v1/projects/bigotes-y-patitas/instances [none]
[debug] [2026-09-04T02:49:53.740Z] <<< [apiv2][status] GET https://sqladmin.googleapis.com/v1/projects/bigotes-y-patitas/instances 200
[debug] [2026-09-04T02:49:53.741Z] <<< [apiv2][body] GET https://sqladmin.googleapis.com/v1/projects/bigotes-y-patitas/instances {}
[debug] [2026-09-04T02:49:53.744Z] Checked if tokens are valid: true, expires at: 1788493482737
[debug] [2026-09-04T02:49:53.744Z] Checked if tokens are valid: true, expires at: 1788493482737
[debug] [2026-09-04T02:49:53.745Z] >>> [apiv2][query] GET https://firebasedataconnect.googleapis.com/v1/projects/bigotes-y-patitas/locations [none]
[debug] [2026-09-04T02:49:54.172Z] <<< [apiv2][status] GET https://firebasedataconnect.googleapis.com/v1/projects/bigotes-y-patitas/locations 200
[debug] [2026-09-04T02:49:54.172Z] <<< [apiv2][body] GET https://firebasedataconnect.googleapis.com/v1/projects/bigotes-y-patitas/locations {"locations":[{"name":"projects/bigotes-y-patitas/locations/asia-east1","locationId":"asia-east1","displayName":"Taiwan"},{"name":"projects/bigotes-y-patitas/locations/asia-east2","locationId":"asia-east2","displayName":"Hong Kong"},{"name":"projects/bigotes-y-patitas/locations/asia-northeast1","locationId":"asia-northeast1","displayName":"Tokyo"},{"name":"projects/bigotes-y-patitas/locations/asia-northeast2","locationId":"asia-northeast2","displayName":"Osaka"},{"name":"projects/bigotes-y-patitas/locations/asia-northeast3","locationId":"asia-northeast3","displayName":"Seoul"},{"name":"projects/bigotes-y-patitas/locations/asia-south1","locationId":"asia-south1","displayName":"Mumbai"},{"name":"projects/bigotes-y-patitas/locations/asia-southeast1","locationId":"asia-southeast1","displayName":"Singapore"},{"name":"projects/bigotes-y-patitas/locations/asia-southeast2","locationId":"asia-southeast2","displayName":"Jakarta"},{"name":"projects/bigotes-y-patitas/locations/australia-southeast1","locationId":"australia-southeast1","displayName":"Sydney"},{"name":"projects/bigotes-y-patitas/locations/australia-southeast2","locationId":"australia-southeast2","displayName":"Melbourne"},{"name":"projects/bigotes-y-patitas/locations/europe-central2","locationId":"europe-central2","displayName":"Warsaw"},{"name":"projects/bigotes-y-patitas/locations/europe-north1","locationId":"europe-north1","displayName":"Finland"},{"name":"projects/bigotes-y-patitas/locations/europe-southwest1","locationId":"europe-southwest1","displayName":"Madrid"},{"name":"projects/bigotes-y-patitas/locations/europe-west1","locationId":"europe-west1","displayName":"Belgium"},{"name":"projects/bigotes-y-patitas/locations/europe-west2","locationId":"europe-west2","displayName":"London"},{"name":"projects/bigotes-y-patitas/locations/europe-west3","locationId":"europe-west3","displayName":"Frankfurt"},{"name":"projects/bigotes-y-patitas/locations/europe-west4","locationId":"europe-west4","displayName":"Netherlands"},{"name":"projects/bigotes-y-patitas/locations/europe-west6","locationId":"europe-west6","displayName":"Zurich"},{"name":"projects/bigotes-y-patitas/locations/europe-west8","locationId":"europe-west8","displayName":"Milan"},{"name":"projects/bigotes-y-patitas/locations/europe-west9","locationId":"europe-west9","displayName":"Paris"},{"name":"projects/bigotes-y-patitas/locations/me-west1","locationId":"me-west1","displayName":"Tel Aviv"},{"name":"projects/bigotes-y-patitas/locations/northamerica-northeast1","locationId":"northamerica-northeast1","displayName":"Montréal"},{"name":"projects/bigotes-y-patitas/locations/northamerica-northeast2","locationId":"northamerica-northeast2","displayName":"Toronto"},{"name":"projects/bigotes-y-patitas/locations/southamerica-east1","locationId":"southamerica-east1","displayName":"São Paulo"},{"name":"projects/bigotes-y-patitas/locations/southamerica-west1","locationId":"southamerica-west1","displayName":"Santiago"},{"name":"projects/bigotes-y-patitas/locations/us-central1","locationId":"us-central1","displayName":"Iowa"},{"name":"projects/bigotes-y-patitas/locations/us-east1","locationId":"us-east1","displayName":"South Carolina"},{"name":"projects/bigotes-y-patitas/locations/us-east4","locationId":"us-east4","displayName":"Northern Virginia"},{"name":"projects/bigotes-y-patitas/locations/us-south1","locationId":"us-south1","displayName":"Dallas"},{"name":"projects/bigotes-y-patitas/locations/us-west1","locationId":"us-west1","displayName":"Oregon"},{"name":"projects/bigotes-y-patitas/locations/us-west2","locationId":"us-west2","displayName":"Los Angeles"},{"name":"projects/bigotes-y-patitas/locations/us-west3","locationId":"us-west3","displayName":"Salt Lake City"},{"name":"projects/bigotes-y-patitas/locations/us-west4","locationId":"us-west4","displayName":"Las Vegas"}]}
[warn] !  dataconnect: Cannot detect an existing app in the current directory. 
[debug] [2026-09-04T02:50:45.143Z] Checked if tokens are valid: true, expires at: 1788493482737
[debug] [2026-09-04T02:50:45.144Z] Checked if tokens are valid: true, expires at: 1788493482737
[debug] [2026-09-04T02:50:45.144Z] >>> [apiv2][query] GET https://sqladmin.googleapis.com/v1/projects/bigotes-y-patitas/instances/negocios-2-fdc [none]
[debug] [2026-09-04T02:50:45.548Z] <<< [apiv2][status] GET https://sqladmin.googleapis.com/v1/projects/bigotes-y-patitas/instances/negocios-2-fdc 404
[debug] [2026-09-04T02:50:45.548Z] <<< [apiv2][body] GET https://sqladmin.googleapis.com/v1/projects/bigotes-y-patitas/instances/negocios-2-fdc {"error":{"code":404,"message":"The Cloud SQL instance does not exist.","errors":[{"message":"The Cloud SQL instance does not exist.","domain":"global","reason":"instanceDoesNotExist"}]}}
[debug] [2026-09-04T02:50:45.550Z] Checked if tokens are valid: true, expires at: 1788493482737
[debug] [2026-09-04T02:50:45.550Z] Checked if tokens are valid: true, expires at: 1788493482737
[debug] [2026-09-04T02:50:45.551Z] >>> [apiv2][query] GET https://monitoring.googleapis.com/v3/projects/bigotes-y-patitas/timeSeries/ filter=metric.type%3D%22serviceruntime.googleapis.com%2Fquota%2Fallocation%2Fusage%22+AND+metric.label.quota_metric+%3D+%22sqladmin.googleapis.com%2Ffdc_lifetime_free_trial_per_project%22&interval.endTime=2026-09-04T02%3A50%3A45.550Z&interval.startTime=2026-08-28T02%3A50%3A45.550Z
[debug] [2026-09-04T02:50:46.481Z] <<< [apiv2][status] GET https://monitoring.googleapis.com/v3/projects/bigotes-y-patitas/timeSeries/ 200
[debug] [2026-09-04T02:50:46.481Z] <<< [apiv2][body] GET https://monitoring.googleapis.com/v3/projects/bigotes-y-patitas/timeSeries/ {"unit":"1"}
[debug] [2026-09-04T02:50:46.482Z] Checked if tokens are valid: true, expires at: 1788493482737
[debug] [2026-09-04T02:50:46.482Z] Checked if tokens are valid: true, expires at: 1788493482737
[debug] [2026-09-04T02:50:46.482Z] >>> [apiv2][query] POST https://sqladmin.googleapis.com/v1/projects/bigotes-y-patitas/instances [none]
[debug] [2026-09-04T02:50:46.482Z] >>> [apiv2][body] POST https://sqladmin.googleapis.com/v1/projects/bigotes-y-patitas/instances {"name":"negocios-2-fdc","region":"us-east4","databaseVersion":"POSTGRES_18","settings":{"tier":"db-f1-micro","edition":"ENTERPRISE","ipConfiguration":{"authorizedNetworks":[]},"enableGoogleMlIntegration":false,"databaseFlags":[{"name":"cloudsql.iam_authentication","value":"on"}],"storageAutoResize":false,"userLabels":{"firebase-data-connect":"ft"},"insightsConfig":{"queryInsightsEnabled":true,"queryPlansPerMinute":5,"queryStringLength":1024}}}
[debug] [2026-09-04T02:50:48.188Z] <<< [apiv2][status] POST https://sqladmin.googleapis.com/v1/projects/bigotes-y-patitas/instances 200
[debug] [2026-09-04T02:50:48.188Z] <<< [apiv2][body] POST https://sqladmin.googleapis.com/v1/projects/bigotes-y-patitas/instances {"kind":"sql#operation","targetLink":"https://www.googleapis.com/v1/projects/bigotes-y-patitas/instances/negocios-2-fdc","status":"PENDING","user":"axelaaronPalacioz@gmail.com","insertTime":"2026-09-04T02:50:48.341Z","operationType":"CREATE","name":"0b6a020c-3535-4339-b0ac-18830000002c","targetId":"negocios-2-fdc","selfLink":"https://www.googleapis.com/v1/projects/bigotes-y-patitas/operations/0b6a020c-3535-4339-b0ac-18830000002c","targetProject":"bigotes-y-patitas"}
[info] i  dataconnect: Cloud SQL Instance negocios-2-fdc is being created.
This instance is provided under the terms of the SQL Connect no-cost trial https://firebase.google.com/pricing

   Meanwhile, your data are saved in a temporary database and will be migrated once complete. 
   Your free trial instance won't show in google cloud console until a billing account is added.
   However, you can still use the gcloud cli to monitor your database instance:

	e.g. gcloud sql instances list --project bigotes-y-patitas
 
[debug] [2026-09-04T02:50:48.199Z] Checked if tokens are valid: true, expires at: 1788493482737
[debug] [2026-09-04T02:50:48.200Z] Checked if tokens are valid: true, expires at: 1788493482737
[debug] [2026-09-04T02:50:48.200Z] >>> [apiv2][query] POST https://firebasedataconnect.googleapis.com/v1/projects/bigotes-y-patitas/locations/us-east4/services service_id=negocios-2
[debug] [2026-09-04T02:50:48.200Z] >>> [apiv2][body] POST https://firebasedataconnect.googleapis.com/v1/projects/bigotes-y-patitas/locations/us-east4/services {"name":"projects/bigotes-y-patitas/locations/us-east4/services/negocios-2"}
[debug] [2026-09-04T02:50:50.957Z] <<< [apiv2][status] POST https://firebasedataconnect.googleapis.com/v1/projects/bigotes-y-patitas/locations/us-east4/services 200
[debug] [2026-09-04T02:50:50.958Z] <<< [apiv2][body] POST https://firebasedataconnect.googleapis.com/v1/projects/bigotes-y-patitas/locations/us-east4/services {"name":"projects/bigotes-y-patitas/locations/us-east4/operations/operation-1788490248966-65a9f55f95168-2d2a811d-2d4229ab","metadata":{"@type":"type.googleapis.com/google.firebase.dataconnect.v1.OperationMetadata","createTime":"2026-09-04T02:50:51.135531453Z","target":"projects/bigotes-y-patitas/locations/us-east4/services/negocios-2","verb":"create","requestedCancellation":false,"apiVersion":"v1"},"done":false}
[debug] [2026-09-04T02:50:50.961Z] Checked if tokens are valid: true, expires at: 1788493482737
[debug] [2026-09-04T02:50:50.961Z] Checked if tokens are valid: true, expires at: 1788493482737
[debug] [2026-09-04T02:50:50.962Z] >>> [apiv2][query] GET https://firebasedataconnect.googleapis.com/v1/projects/bigotes-y-patitas/locations/us-east4/operations/operation-1788490248966-65a9f55f95168-2d2a811d-2d4229ab [none]
[debug] [2026-09-04T02:50:51.113Z] <<< [apiv2][status] GET https://firebasedataconnect.googleapis.com/v1/projects/bigotes-y-patitas/locations/us-east4/operations/operation-1788490248966-65a9f55f95168-2d2a811d-2d4229ab 200
[debug] [2026-09-04T02:50:51.113Z] <<< [apiv2][body] GET https://firebasedataconnect.googleapis.com/v1/projects/bigotes-y-patitas/locations/us-east4/operations/operation-1788490248966-65a9f55f95168-2d2a811d-2d4229ab {"name":"projects/bigotes-y-patitas/locations/us-east4/operations/operation-1788490248966-65a9f55f95168-2d2a811d-2d4229ab","metadata":{"@type":"type.googleapis.com/google.firebase.dataconnect.v1.OperationMetadata","createTime":"2026-09-04T02:50:51.135531453Z","target":"projects/bigotes-y-patitas/locations/us-east4/services/negocios-2","verb":"create","requestedCancellation":false,"apiVersion":"v1"},"done":false}
[debug] [2026-09-04T02:50:51.623Z] [LRO Poller] Retrying task index 0
[debug] [2026-09-04T02:50:51.625Z] Checked if tokens are valid: true, expires at: 1788493482737
[debug] [2026-09-04T02:50:51.626Z] Checked if tokens are valid: true, expires at: 1788493482737
[debug] [2026-09-04T02:50:51.626Z] >>> [apiv2][query] GET https://firebasedataconnect.googleapis.com/v1/projects/bigotes-y-patitas/locations/us-east4/operations/operation-1788490248966-65a9f55f95168-2d2a811d-2d4229ab [none]
[debug] [2026-09-04T02:50:51.769Z] <<< [apiv2][status] GET https://firebasedataconnect.googleapis.com/v1/projects/bigotes-y-patitas/locations/us-east4/operations/operation-1788490248966-65a9f55f95168-2d2a811d-2d4229ab 200
[debug] [2026-09-04T02:50:51.769Z] <<< [apiv2][body] GET https://firebasedataconnect.googleapis.com/v1/projects/bigotes-y-patitas/locations/us-east4/operations/operation-1788490248966-65a9f55f95168-2d2a811d-2d4229ab {"name":"projects/bigotes-y-patitas/locations/us-east4/operations/operation-1788490248966-65a9f55f95168-2d2a811d-2d4229ab","metadata":{"@type":"type.googleapis.com/google.firebase.dataconnect.v1.OperationMetadata","createTime":"2026-09-04T02:50:51.135531453Z","target":"projects/bigotes-y-patitas/locations/us-east4/services/negocios-2","verb":"create","requestedCancellation":false,"apiVersion":"v1"},"done":false}
[debug] [2026-09-04T02:50:52.783Z] [LRO Poller] Retrying task index 0
[debug] [2026-09-04T02:50:52.784Z] Checked if tokens are valid: true, expires at: 1788493482737
[debug] [2026-09-04T02:50:52.784Z] Checked if tokens are valid: true, expires at: 1788493482737
[debug] [2026-09-04T02:50:52.784Z] >>> [apiv2][query] GET https://firebasedataconnect.googleapis.com/v1/projects/bigotes-y-patitas/locations/us-east4/operations/operation-1788490248966-65a9f55f95168-2d2a811d-2d4229ab [none]
[debug] [2026-09-04T02:50:52.897Z] <<< [apiv2][status] GET https://firebasedataconnect.googleapis.com/v1/projects/bigotes-y-patitas/locations/us-east4/operations/operation-1788490248966-65a9f55f95168-2d2a811d-2d4229ab 200
[debug] [2026-09-04T02:50:52.897Z] <<< [apiv2][body] GET https://firebasedataconnect.googleapis.com/v1/projects/bigotes-y-patitas/locations/us-east4/operations/operation-1788490248966-65a9f55f95168-2d2a811d-2d4229ab {"name":"projects/bigotes-y-patitas/locations/us-east4/operations/operation-1788490248966-65a9f55f95168-2d2a811d-2d4229ab","metadata":{"@type":"type.googleapis.com/google.firebase.dataconnect.v1.OperationMetadata","createTime":"2026-09-04T02:50:51.135531453Z","endTime":"2026-09-04T02:50:52.413508518Z","target":"projects/bigotes-y-patitas/locations/us-east4/services/negocios-2","verb":"create","requestedCancellation":false,"apiVersion":"v1"},"done":true,"response":{"@type":"type.googleapis.com/google.firebase.dataconnect.v1.Service","name":"projects/bigotes-y-patitas/locations/us-east4/services/negocios-2","createTime":"2026-09-04T02:50:51.129954323Z","updateTime":"2026-09-04T02:50:51.129954323Z","uid":"2338265f-5b46-4576-8966-900e9bc5f078","reconciling":false,"etag":"FBEzNuscAR8pMs-et6coQ5AxJegE8FE55aZrC9ya6HM"}}
[debug] [2026-09-04T02:50:52.909Z] [Agent Service] Reusable cURL command:\ncurl -X POST "https://firebasedataconnect.googleapis.com/v1/projects/bigotes-y-patitas/locations/us-east4/services/-:generateSchema" -H "Content-Type: application/json" -H "Authorization: Bearer $(gcloud auth print-access-token)" -d '{"name":"projects/bigotes-y-patitas/locations/us-east4/services/-","prompt":"Quiero crear un sistema CRM para administrar clientes y sus interacciones."}'
[debug] [2026-09-04T02:50:52.910Z] Checked if tokens are valid: true, expires at: 1788493482737
[debug] [2026-09-04T02:50:52.910Z] Checked if tokens are valid: true, expires at: 1788493482737
[debug] [2026-09-04T02:50:52.910Z] >>> [apiv2][query] POST https://firebasedataconnect.googleapis.com/v1/projects/bigotes-y-patitas/locations/us-east4/services/-:generateSchema [none]
[debug] [2026-09-04T02:50:52.911Z] >>> [apiv2][body] POST https://firebasedataconnect.googleapis.com/v1/projects/bigotes-y-patitas/locations/us-east4/services/-:generateSchema {"name":"projects/bigotes-y-patitas/locations/us-east4/services/-","prompt":"Quiero crear un sistema CRM para administrar clientes y sus interacciones."}
[debug] [2026-09-04T02:50:53.406Z] <<< [apiv2][status] POST https://firebasedataconnect.googleapis.com/v1/projects/bigotes-y-patitas/locations/us-east4/services/-:generateSchema 200
[debug] [2026-09-04T02:50:53.407Z] <<< [apiv2][body] POST https://firebasedataconnect.googleapis.com/v1/projects/bigotes-y-patitas/locations/us-east4/services/-:generateSchema [stream]
[debug] [2026-09-04T02:50:59.521Z] Checked if tokens are valid: true, expires at: 1788493482737
[debug] [2026-09-04T02:50:59.521Z] Checked if tokens are valid: true, expires at: 1788493482737
[debug] [2026-09-04T02:50:59.522Z] [Agent Service] Reusable cURL command:\ncurl -X POST "https://firebasedataconnect.googleapis.com/v1/projects/bigotes-y-patitas/locations/us-east4/services/-:generateQuery" -H "Content-Type: application/json" -H "Authorization: Bearer $(gcloud auth print-access-token)" -d '{"name":"projects/bigotes-y-patitas/locations/us-east4/services/-","prompt":"Generate at least one create (insert/upsert), delete, update, get (read by key), and list operation for each table defined in the schema. For user-specific data, use the 'auth.uid' server value (e.g., id_expr: \"auth.uid\") or correct filters to secure user-owned data and require authentication using @auth(level: USER). For publicly accessible data, use @auth(level: PUBLIC, insecureReason: \"why is it OK to be public?\")","schemas":[{"name":"projects/bigotes-y-patitas/locations/us-east4/services/negocios-2/schemas/main","datasources":[],"source":{"files":[{"path":"schema.gql","content":"type User @table {\n  name: String!\n  email: String!\n  role: String\n}\n\ntype Customer @table {\n  name: String!\n  email: String!\n  status: String! # lead, active, churned\n  phoneNumber: String\n  companyName: String\n  notes: String\n  priority: Int # Para enfocar esfuerzos en prospectos\n}\n\ntype Deal @table {\n  title: String!\n  stage: String! # prospecting, negotiation, closed\n  value: Float!\n  expectedCloseDate: Date\n  customer: Customer!\n}\n\ntype Interaction @table {\n  type: String! # call, email, meeting\n  summary: String!\n  createdAt: Timestamp!\n  durationMinutes: Int\n  followUpDate: Date\n  customer: Customer!\n}\n\ntype Note @table {\n  content: String!\n  createdAt: Timestamp!\n  customer: Customer!\n  user: User!\n}"}]}}]}'
[debug] [2026-09-04T02:50:59.522Z] Checked if tokens are valid: true, expires at: 1788493482737
[debug] [2026-09-04T02:50:59.522Z] Checked if tokens are valid: true, expires at: 1788493482737
[debug] [2026-09-04T02:50:59.523Z] [Agent Service] Reusable cURL command:\ncurl -X POST "https://firebasedataconnect.googleapis.com/v1/projects/bigotes-y-patitas/locations/us-east4/services/-:generateQuery" -H "Content-Type: application/json" -H "Authorization: Bearer $(gcloud auth print-access-token)" -d '{"name":"projects/bigotes-y-patitas/locations/us-east4/services/-","prompt":"Create a single mutation wrapped in a @transaction to populate the database with seed data. The mutation should call the insertMany action (e.g., table_insertMany) for all tables/entities defined in the schema, using fake data. Generate appropriate fake records (3 to 5 per table) conforming to the schema and including proper relationships/foreign keys.","schemas":[{"name":"projects/bigotes-y-patitas/locations/us-east4/services/negocios-2/schemas/main","datasources":[],"source":{"files":[{"path":"schema.gql","content":"type User @table {\n  name: String!\n  email: String!\n  role: String\n}\n\ntype Customer @table {\n  name: String!\n  email: String!\n  status: String! # lead, active, churned\n  phoneNumber: String\n  companyName: String\n  notes: String\n  priority: Int # Para enfocar esfuerzos en prospectos\n}\n\ntype Deal @table {\n  title: String!\n  stage: String! # prospecting, negotiation, closed\n  value: Float!\n  expectedCloseDate: Date\n  customer: Customer!\n}\n\ntype Interaction @table {\n  type: String! # call, email, meeting\n  summary: String!\n  createdAt: Timestamp!\n  durationMinutes: Int\n  followUpDate: Date\n  customer: Customer!\n}\n\ntype Note @table {\n  content: String!\n  createdAt: Timestamp!\n  customer: Customer!\n  user: User!\n}"}]}}]}'
[debug] [2026-09-04T02:50:59.523Z] Checked if tokens are valid: true, expires at: 1788493482737
[debug] [2026-09-04T02:50:59.523Z] Checked if tokens are valid: true, expires at: 1788493482737
[debug] [2026-09-04T02:50:59.524Z] >>> [apiv2][query] PATCH https://firebasedataconnect.googleapis.com/v1/projects/bigotes-y-patitas/locations/us-east4/services/negocios-2/schemas/main allowMissing=true&validateOnly=false
[debug] [2026-09-04T02:50:59.524Z] >>> [apiv2][body] PATCH https://firebasedataconnect.googleapis.com/v1/projects/bigotes-y-patitas/locations/us-east4/services/negocios-2/schemas/main {"name":"projects/bigotes-y-patitas/locations/us-east4/services/negocios-2/schemas/main","datasources":[{"postgresql":{"database":"fdcdb","cloudSql":{"instance":"projects/bigotes-y-patitas/locations/us-east4/instances/negocios-2-fdc"},"schemaValidation":"NONE"}}],"source":{"files":[{"path":"schema.gql","content":"type User @table {\n  name: String!\n  email: String!\n  role: String\n}\n\ntype Customer @table {\n  name: String!\n  email: String!\n  status: String! # lead, active, churned\n  phoneNumber: String\n  companyName: String\n  notes: String\n  priority: Int # Para enfocar esfuerzos en prospectos\n}\n\ntype Deal @table {\n  title: String!\n  stage: String! # prospecting, negotiation, closed\n  value: Float!\n  expectedCloseDate: Date\n  customer: Customer!\n}\n\ntype Interaction @table {\n  type: String! # call, email, meeting\n  summary: String!\n  createdAt: Timestamp!\n  durationMinutes: Int\n  followUpDate: Date\n  customer: Customer!\n}\n\ntype Note @table {\n  content: String!\n  createdAt: Timestamp!\n  customer: Customer!\n  user: User!\n}"}]}}
[debug] [2026-09-04T02:50:59.525Z] >>> [apiv2][query] POST https://firebasedataconnect.googleapis.com/v1/projects/bigotes-y-patitas/locations/us-east4/services/-:generateQuery [none]
[debug] [2026-09-04T02:50:59.526Z] >>> [apiv2][body] POST https://firebasedataconnect.googleapis.com/v1/projects/bigotes-y-patitas/locations/us-east4/services/-:generateQuery {"name":"projects/bigotes-y-patitas/locations/us-east4/services/-","prompt":"Generate at least one create (insert/upsert), delete, update, get (read by key), and list operation for each table defined in the schema. For user-specific data, use the 'auth.uid' server value (e.g., id_expr: \"auth.uid\") or correct filters to secure user-owned data and require authentication using @auth(level: USER). For publicly accessible data, use @auth(level: PUBLIC, insecureReason: \"why is it OK to be public?\")","schemas":[{"name":"projects/bigotes-y-patitas/locations/us-east4/services/negocios-2/schemas/main","datasources":[],"source":{"files":[{"path":"schema.gql","content":"type User @table {\n  name: String!\n  email: String!\n  role: String\n}\n\ntype Customer @table {\n  name: String!\n  email: String!\n  status: String! # lead, active, churned\n  phoneNumber: String\n  companyName: String\n  notes: String\n  priority: Int # Para enfocar esfuerzos en prospectos\n}\n\ntype Deal @table {\n  title: String!\n  stage: String! # prospecting, negotiation, closed\n  value: Float!\n  expectedCloseDate: Date\n  customer: Customer!\n}\n\ntype Interaction @table {\n  type: String! # call, email, meeting\n  summary: String!\n  createdAt: Timestamp!\n  durationMinutes: Int\n  followUpDate: Date\n  customer: Customer!\n}\n\ntype Note @table {\n  content: String!\n  createdAt: Timestamp!\n  customer: Customer!\n  user: User!\n}"}]}}]}
[debug] [2026-09-04T02:50:59.527Z] >>> [apiv2][query] POST https://firebasedataconnect.googleapis.com/v1/projects/bigotes-y-patitas/locations/us-east4/services/-:generateQuery [none]
[debug] [2026-09-04T02:50:59.527Z] >>> [apiv2][body] POST https://firebasedataconnect.googleapis.com/v1/projects/bigotes-y-patitas/locations/us-east4/services/-:generateQuery {"name":"projects/bigotes-y-patitas/locations/us-east4/services/-","prompt":"Create a single mutation wrapped in a @transaction to populate the database with seed data. The mutation should call the insertMany action (e.g., table_insertMany) for all tables/entities defined in the schema, using fake data. Generate appropriate fake records (3 to 5 per table) conforming to the schema and including proper relationships/foreign keys.","schemas":[{"name":"projects/bigotes-y-patitas/locations/us-east4/services/negocios-2/schemas/main","datasources":[],"source":{"files":[{"path":"schema.gql","content":"type User @table {\n  name: String!\n  email: String!\n  role: String\n}\n\ntype Customer @table {\n  name: String!\n  email: String!\n  status: String! # lead, active, churned\n  phoneNumber: String\n  companyName: String\n  notes: String\n  priority: Int # Para enfocar esfuerzos en prospectos\n}\n\ntype Deal @table {\n  title: String!\n  stage: String! # prospecting, negotiation, closed\n  value: Float!\n  expectedCloseDate: Date\n  customer: Customer!\n}\n\ntype Interaction @table {\n  type: String! # call, email, meeting\n  summary: String!\n  createdAt: Timestamp!\n  durationMinutes: Int\n  followUpDate: Date\n  customer: Customer!\n}\n\ntype Note @table {\n  content: String!\n  createdAt: Timestamp!\n  customer: Customer!\n  user: User!\n}"}]}}]}
[debug] [2026-09-04T02:51:00.098Z] <<< [apiv2][status] PATCH https://firebasedataconnect.googleapis.com/v1/projects/bigotes-y-patitas/locations/us-east4/services/negocios-2/schemas/main 200
[debug] [2026-09-04T02:51:00.098Z] <<< [apiv2][body] PATCH https://firebasedataconnect.googleapis.com/v1/projects/bigotes-y-patitas/locations/us-east4/services/negocios-2/schemas/main {"name":"projects/bigotes-y-patitas/locations/us-east4/operations/operation-1788490259876-65a9f569fc8ae-28bbe3de-b120daa3","metadata":{"@type":"type.googleapis.com/google.firebase.dataconnect.v1.OperationMetadata","createTime":"2026-09-04T02:51:00.280800809Z","target":"projects/bigotes-y-patitas/locations/us-east4/services/negocios-2/schemas/main","verb":"update","requestedCancellation":false,"apiVersion":"v1"},"done":false}
[debug] [2026-09-04T02:51:00.098Z] Checked if tokens are valid: true, expires at: 1788493482737
[debug] [2026-09-04T02:51:00.098Z] Checked if tokens are valid: true, expires at: 1788493482737
[debug] [2026-09-04T02:51:00.098Z] >>> [apiv2][query] GET https://firebasedataconnect.googleapis.com/v1/projects/bigotes-y-patitas/locations/us-east4/operations/operation-1788490259876-65a9f569fc8ae-28bbe3de-b120daa3 [none]
[debug] [2026-09-04T02:51:00.124Z] <<< [apiv2][status] POST https://firebasedataconnect.googleapis.com/v1/projects/bigotes-y-patitas/locations/us-east4/services/-:generateQuery 200
[debug] [2026-09-04T02:51:00.125Z] <<< [apiv2][body] POST https://firebasedataconnect.googleapis.com/v1/projects/bigotes-y-patitas/locations/us-east4/services/-:generateQuery [stream]
[debug] [2026-09-04T02:51:00.190Z] <<< [apiv2][status] POST https://firebasedataconnect.googleapis.com/v1/projects/bigotes-y-patitas/locations/us-east4/services/-:generateQuery 200
[debug] [2026-09-04T02:51:00.190Z] <<< [apiv2][body] POST https://firebasedataconnect.googleapis.com/v1/projects/bigotes-y-patitas/locations/us-east4/services/-:generateQuery [stream]
[debug] [2026-09-04T02:51:00.216Z] <<< [apiv2][status] GET https://firebasedataconnect.googleapis.com/v1/projects/bigotes-y-patitas/locations/us-east4/operations/operation-1788490259876-65a9f569fc8ae-28bbe3de-b120daa3 200
[debug] [2026-09-04T02:51:00.217Z] <<< [apiv2][body] GET https://firebasedataconnect.googleapis.com/v1/projects/bigotes-y-patitas/locations/us-east4/operations/operation-1788490259876-65a9f569fc8ae-28bbe3de-b120daa3 {"name":"projects/bigotes-y-patitas/locations/us-east4/operations/operation-1788490259876-65a9f569fc8ae-28bbe3de-b120daa3","metadata":{"@type":"type.googleapis.com/google.firebase.dataconnect.v1.OperationMetadata","createTime":"2026-09-04T02:51:00.280800809Z","target":"projects/bigotes-y-patitas/locations/us-east4/services/negocios-2/schemas/main","verb":"update","requestedCancellation":false,"apiVersion":"v1"},"done":false}
[debug] [2026-09-04T02:51:00.725Z] [LRO Poller] Retrying task index 0
[debug] [2026-09-04T02:51:00.725Z] Checked if tokens are valid: true, expires at: 1788493482737
[debug] [2026-09-04T02:51:00.725Z] Checked if tokens are valid: true, expires at: 1788493482737
[debug] [2026-09-04T02:51:00.726Z] >>> [apiv2][query] GET https://firebasedataconnect.googleapis.com/v1/projects/bigotes-y-patitas/locations/us-east4/operations/operation-1788490259876-65a9f569fc8ae-28bbe3de-b120daa3 [none]
[debug] [2026-09-04T02:51:00.861Z] <<< [apiv2][status] GET https://firebasedataconnect.googleapis.com/v1/projects/bigotes-y-patitas/locations/us-east4/operations/operation-1788490259876-65a9f569fc8ae-28bbe3de-b120daa3 200
[debug] [2026-09-04T02:51:00.861Z] <<< [apiv2][body] GET https://firebasedataconnect.googleapis.com/v1/projects/bigotes-y-patitas/locations/us-east4/operations/operation-1788490259876-65a9f569fc8ae-28bbe3de-b120daa3 {"name":"projects/bigotes-y-patitas/locations/us-east4/operations/operation-1788490259876-65a9f569fc8ae-28bbe3de-b120daa3","metadata":{"@type":"type.googleapis.com/google.firebase.dataconnect.v1.OperationMetadata","createTime":"2026-09-04T02:51:00.280800809Z","endTime":"2026-09-04T02:51:00.504194395Z","target":"projects/bigotes-y-patitas/locations/us-east4/services/negocios-2/schemas/main","verb":"update","requestedCancellation":false,"apiVersion":"v1"},"done":true,"response":{"@type":"type.googleapis.com/google.firebase.dataconnect.v1.Schema","name":"projects/bigotes-y-patitas/locations/us-east4/services/negocios-2/schemas/main","createTime":"2026-09-04T02:51:00.273029898Z","updateTime":"2026-09-04T02:51:00.273029898Z","source":{"files":[{"path":"schema.gql","content":"type User @table {\n  name: String!\n  email: String!\n  role: String\n}\n\ntype Customer @table {\n  name: String!\n  email: String!\n  status: String! # lead, active, churned\n  phoneNumber: String\n  companyName: String\n  notes: String\n  priority: Int # Para enfocar esfuerzos en prospectos\n}\n\ntype Deal @table {\n  title: String!\n  stage: String! # prospecting, negotiation, closed\n  value: Float!\n  expectedCloseDate: Date\n  customer: Customer!\n}\n\ntype Interaction @table {\n  type: String! # call, email, meeting\n  summary: String!\n  createdAt: Timestamp!\n  durationMinutes: Int\n  followUpDate: Date\n  customer: Customer!\n}\n\ntype Note @table {\n  content: String!\n  createdAt: Timestamp!\n  customer: Customer!\n  user: User!\n}"}]},"uid":"372ee98b-9d7a-462e-b76b-e72ce1571519","reconciling":false,"datasources":[{"postgresql":{"database":"fdcdb","cloudSql":{"instance":"projects/bigotes-y-patitas/locations/us-east4/instances/negocios-2-fdc"},"schemaValidation":"NONE","ephemeral":true}}],"etag":"L7JmIJknefttA756Kl-SeftMG4eFUAYfycpZguCmMvo"}}
[debug] [2026-09-04T02:51:00.862Z] Checked if tokens are valid: true, expires at: 1788493482737
[debug] [2026-09-04T02:51:00.862Z] Checked if tokens are valid: true, expires at: 1788493482737
[debug] [2026-09-04T02:51:00.862Z] >>> [apiv2][query] PATCH https://firebasedataconnect.googleapis.com/v1/projects/bigotes-y-patitas/locations/us-east4/services/negocios-2/schemas/main allowMissing=true&validateOnly=false
[debug] [2026-09-04T02:51:00.862Z] >>> [apiv2][body] PATCH https://firebasedataconnect.googleapis.com/v1/projects/bigotes-y-patitas/locations/us-east4/services/negocios-2/schemas/main {"name":"projects/bigotes-y-patitas/locations/us-east4/services/negocios-2/schemas/main","datasources":[{"postgresql":{"database":"fdcdb","cloudSql":{"instance":"projects/bigotes-y-patitas/locations/us-east4/instances/negocios-2-fdc"},"schemaMigration":"MIGRATE_COMPATIBLE"}}],"source":{"files":[{"path":"schema.gql","content":"type User @table {\n  name: String!\n  email: String!\n  role: String\n}\n\ntype Customer @table {\n  name: String!\n  email: String!\n  status: String! # lead, active, churned\n  phoneNumber: String\n  companyName: String\n  notes: String\n  priority: Int # Para enfocar esfuerzos en prospectos\n}\n\ntype Deal @table {\n  title: String!\n  stage: String! # prospecting, negotiation, closed\n  value: Float!\n  expectedCloseDate: Date\n  customer: Customer!\n}\n\ntype Interaction @table {\n  type: String! # call, email, meeting\n  summary: String!\n  createdAt: Timestamp!\n  durationMinutes: Int\n  followUpDate: Date\n  customer: Customer!\n}\n\ntype Note @table {\n  content: String!\n  createdAt: Timestamp!\n  customer: Customer!\n  user: User!\n}"}]}}
[debug] [2026-09-04T02:51:01.459Z] <<< [apiv2][status] PATCH https://firebasedataconnect.googleapis.com/v1/projects/bigotes-y-patitas/locations/us-east4/services/negocios-2/schemas/main 200
[debug] [2026-09-04T02:51:01.459Z] <<< [apiv2][body] PATCH https://firebasedataconnect.googleapis.com/v1/projects/bigotes-y-patitas/locations/us-east4/services/negocios-2/schemas/main {"name":"projects/bigotes-y-patitas/locations/us-east4/operations/operation-1788490261180-65a9f56b3b09c-8ecafeca-e9e49d31","metadata":{"@type":"type.googleapis.com/google.firebase.dataconnect.v1.OperationMetadata","createTime":"2026-09-04T02:51:01.642256543Z","target":"projects/bigotes-y-patitas/locations/us-east4/services/negocios-2/schemas/main","verb":"update","requestedCancellation":false,"apiVersion":"v1"},"done":false}
[debug] [2026-09-04T02:51:01.460Z] Checked if tokens are valid: true, expires at: 1788493482737
[debug] [2026-09-04T02:51:01.460Z] Checked if tokens are valid: true, expires at: 1788493482737
[debug] [2026-09-04T02:51:01.460Z] >>> [apiv2][query] GET https://firebasedataconnect.googleapis.com/v1/projects/bigotes-y-patitas/locations/us-east4/operations/operation-1788490261180-65a9f56b3b09c-8ecafeca-e9e49d31 [none]
[debug] [2026-09-04T02:51:01.582Z] <<< [apiv2][status] GET https://firebasedataconnect.googleapis.com/v1/projects/bigotes-y-patitas/locations/us-east4/operations/operation-1788490261180-65a9f56b3b09c-8ecafeca-e9e49d31 200
[debug] [2026-09-04T02:51:01.582Z] <<< [apiv2][body] GET https://firebasedataconnect.googleapis.com/v1/projects/bigotes-y-patitas/locations/us-east4/operations/operation-1788490261180-65a9f56b3b09c-8ecafeca-e9e49d31 {"name":"projects/bigotes-y-patitas/locations/us-east4/operations/operation-1788490261180-65a9f56b3b09c-8ecafeca-e9e49d31","metadata":{"@type":"type.googleapis.com/google.firebase.dataconnect.v1.OperationMetadata","createTime":"2026-09-04T02:51:01.642256543Z","target":"projects/bigotes-y-patitas/locations/us-east4/services/negocios-2/schemas/main","verb":"update","requestedCancellation":false,"apiVersion":"v1"},"done":false}
[debug] [2026-09-04T02:51:02.084Z] [LRO Poller] Retrying task index 0
[debug] [2026-09-04T02:51:02.085Z] Checked if tokens are valid: true, expires at: 1788493482737
[debug] [2026-09-04T02:51:02.085Z] Checked if tokens are valid: true, expires at: 1788493482737
[debug] [2026-09-04T02:51:02.085Z] >>> [apiv2][query] GET https://firebasedataconnect.googleapis.com/v1/projects/bigotes-y-patitas/locations/us-east4/operations/operation-1788490261180-65a9f56b3b09c-8ecafeca-e9e49d31 [none]
[debug] [2026-09-04T02:51:02.216Z] <<< [apiv2][status] GET https://firebasedataconnect.googleapis.com/v1/projects/bigotes-y-patitas/locations/us-east4/operations/operation-1788490261180-65a9f56b3b09c-8ecafeca-e9e49d31 200
[debug] [2026-09-04T02:51:02.216Z] <<< [apiv2][body] GET https://firebasedataconnect.googleapis.com/v1/projects/bigotes-y-patitas/locations/us-east4/operations/operation-1788490261180-65a9f56b3b09c-8ecafeca-e9e49d31 {"name":"projects/bigotes-y-patitas/locations/us-east4/operations/operation-1788490261180-65a9f56b3b09c-8ecafeca-e9e49d31","metadata":{"@type":"type.googleapis.com/google.firebase.dataconnect.v1.OperationMetadata","createTime":"2026-09-04T02:51:01.642256543Z","target":"projects/bigotes-y-patitas/locations/us-east4/services/negocios-2/schemas/main","verb":"update","requestedCancellation":false,"apiVersion":"v1"},"done":false}
[debug] [2026-09-04T02:51:03.222Z] [LRO Poller] Retrying task index 0
[debug] [2026-09-04T02:51:03.222Z] Checked if tokens are valid: true, expires at: 1788493482737
[debug] [2026-09-04T02:51:03.223Z] Checked if tokens are valid: true, expires at: 1788493482737
[debug] [2026-09-04T02:51:03.223Z] >>> [apiv2][query] GET https://firebasedataconnect.googleapis.com/v1/projects/bigotes-y-patitas/locations/us-east4/operations/operation-1788490261180-65a9f56b3b09c-8ecafeca-e9e49d31 [none]
[debug] [2026-09-04T02:51:03.378Z] <<< [apiv2][status] GET https://firebasedataconnect.googleapis.com/v1/projects/bigotes-y-patitas/locations/us-east4/operations/operation-1788490261180-65a9f56b3b09c-8ecafeca-e9e49d31 200
[debug] [2026-09-04T02:51:03.379Z] <<< [apiv2][body] GET https://firebasedataconnect.googleapis.com/v1/projects/bigotes-y-patitas/locations/us-east4/operations/operation-1788490261180-65a9f56b3b09c-8ecafeca-e9e49d31 {"name":"projects/bigotes-y-patitas/locations/us-east4/operations/operation-1788490261180-65a9f56b3b09c-8ecafeca-e9e49d31","metadata":{"@type":"type.googleapis.com/google.firebase.dataconnect.v1.OperationMetadata","createTime":"2026-09-04T02:51:01.642256543Z","target":"projects/bigotes-y-patitas/locations/us-east4/services/negocios-2/schemas/main","verb":"update","requestedCancellation":false,"apiVersion":"v1"},"done":false}
[debug] [2026-09-04T02:51:05.388Z] [LRO Poller] Retrying task index 0
[debug] [2026-09-04T02:51:05.389Z] Checked if tokens are valid: true, expires at: 1788493482737
[debug] [2026-09-04T02:51:05.389Z] Checked if tokens are valid: true, expires at: 1788493482737
[debug] [2026-09-04T02:51:05.390Z] >>> [apiv2][query] GET https://firebasedataconnect.googleapis.com/v1/projects/bigotes-y-patitas/locations/us-east4/operations/operation-1788490261180-65a9f56b3b09c-8ecafeca-e9e49d31 [none]
[debug] [2026-09-04T02:51:05.512Z] <<< [apiv2][status] GET https://firebasedataconnect.googleapis.com/v1/projects/bigotes-y-patitas/locations/us-east4/operations/operation-1788490261180-65a9f56b3b09c-8ecafeca-e9e49d31 200
[debug] [2026-09-04T02:51:05.512Z] <<< [apiv2][body] GET https://firebasedataconnect.googleapis.com/v1/projects/bigotes-y-patitas/locations/us-east4/operations/operation-1788490261180-65a9f56b3b09c-8ecafeca-e9e49d31 {"name":"projects/bigotes-y-patitas/locations/us-east4/operations/operation-1788490261180-65a9f56b3b09c-8ecafeca-e9e49d31","metadata":{"@type":"type.googleapis.com/google.firebase.dataconnect.v1.OperationMetadata","createTime":"2026-09-04T02:51:01.642256543Z","target":"projects/bigotes-y-patitas/locations/us-east4/services/negocios-2/schemas/main","verb":"update","requestedCancellation":false,"apiVersion":"v1"},"done":false}
[debug] [2026-09-04T02:51:09.523Z] [LRO Poller] Retrying task index 0
[debug] [2026-09-04T02:51:09.524Z] Checked if tokens are valid: true, expires at: 1788493482737
[debug] [2026-09-04T02:51:09.524Z] Checked if tokens are valid: true, expires at: 1788493482737
[debug] [2026-09-04T02:51:09.524Z] >>> [apiv2][query] GET https://firebasedataconnect.googleapis.com/v1/projects/bigotes-y-patitas/locations/us-east4/operations/operation-1788490261180-65a9f56b3b09c-8ecafeca-e9e49d31 [none]
[debug] [2026-09-04T02:51:10.102Z] <<< [apiv2][status] GET https://firebasedataconnect.googleapis.com/v1/projects/bigotes-y-patitas/locations/us-east4/operations/operation-1788490261180-65a9f56b3b09c-8ecafeca-e9e49d31 200
[debug] [2026-09-04T02:51:10.103Z] <<< [apiv2][body] GET https://firebasedataconnect.googleapis.com/v1/projects/bigotes-y-patitas/locations/us-east4/operations/operation-1788490261180-65a9f56b3b09c-8ecafeca-e9e49d31 {"name":"projects/bigotes-y-patitas/locations/us-east4/operations/operation-1788490261180-65a9f56b3b09c-8ecafeca-e9e49d31","metadata":{"@type":"type.googleapis.com/google.firebase.dataconnect.v1.OperationMetadata","createTime":"2026-09-04T02:51:01.642256543Z","target":"projects/bigotes-y-patitas/locations/us-east4/services/negocios-2/schemas/main","verb":"update","requestedCancellation":false,"apiVersion":"v1"},"done":false}
[debug] [2026-09-04T02:51:18.108Z] [LRO Poller] Retrying task index 0
[debug] [2026-09-04T02:51:18.109Z] Checked if tokens are valid: true, expires at: 1788493482737
[debug] [2026-09-04T02:51:18.109Z] Checked if tokens are valid: true, expires at: 1788493482737
[debug] [2026-09-04T02:51:18.109Z] >>> [apiv2][query] GET https://firebasedataconnect.googleapis.com/v1/projects/bigotes-y-patitas/locations/us-east4/operations/operation-1788490261180-65a9f56b3b09c-8ecafeca-e9e49d31 [none]
[debug] [2026-09-04T02:51:18.616Z] <<< [apiv2][status] GET https://firebasedataconnect.googleapis.com/v1/projects/bigotes-y-patitas/locations/us-east4/operations/operation-1788490261180-65a9f56b3b09c-8ecafeca-e9e49d31 200
[debug] [2026-09-04T02:51:18.616Z] <<< [apiv2][body] GET https://firebasedataconnect.googleapis.com/v1/projects/bigotes-y-patitas/locations/us-east4/operations/operation-1788490261180-65a9f56b3b09c-8ecafeca-e9e49d31 {"name":"projects/bigotes-y-patitas/locations/us-east4/operations/operation-1788490261180-65a9f56b3b09c-8ecafeca-e9e49d31","metadata":{"@type":"type.googleapis.com/google.firebase.dataconnect.v1.OperationMetadata","createTime":"2026-09-04T02:51:01.642256543Z","target":"projects/bigotes-y-patitas/locations/us-east4/services/negocios-2/schemas/main","verb":"update","requestedCancellation":false,"apiVersion":"v1"},"done":false}
[info] +  Wrote dataconnect\dataconnect.yaml 
[info] +  Wrote dataconnect\seed_data.gql 
[info] +  Wrote dataconnect\schema\schema.gql 
[info] +  Wrote dataconnect\example\connector.yaml 
[info] +  Wrote dataconnect\example\queries.gql 
[info] i  dataconnect: No apps to setup SQL Connect Generated SDKs 
[info] 
=== Agent Skills Setup
[info] If you are using an AI coding agent, Firebase Agent Skills make it an expert at Firebase.
[debug] [2026-09-04T02:51:34.626Z] [LRO Poller] Retrying task index 0
[debug] [2026-09-04T02:51:34.628Z] Checked if tokens are valid: true, expires at: 1788493482737
[debug] [2026-09-04T02:51:34.628Z] Checked if tokens are valid: true, expires at: 1788493482737
[debug] [2026-09-04T02:51:34.629Z] >>> [apiv2][query] GET https://firebasedataconnect.googleapis.com/v1/projects/bigotes-y-patitas/locations/us-east4/operations/operation-1788490261180-65a9f56b3b09c-8ecafeca-e9e49d31 [none]
[debug] [2026-09-04T02:51:35.194Z] <<< [apiv2][status] GET https://firebasedataconnect.googleapis.com/v1/projects/bigotes-y-patitas/locations/us-east4/operations/operation-1788490261180-65a9f56b3b09c-8ecafeca-e9e49d31 200
[debug] [2026-09-04T02:51:35.194Z] <<< [apiv2][body] GET https://firebasedataconnect.googleapis.com/v1/projects/bigotes-y-patitas/locations/us-east4/operations/operation-1788490261180-65a9f56b3b09c-8ecafeca-e9e49d31 {"name":"projects/bigotes-y-patitas/locations/us-east4/operations/operation-1788490261180-65a9f56b3b09c-8ecafeca-e9e49d31","metadata":{"@type":"type.googleapis.com/google.firebase.dataconnect.v1.OperationMetadata","createTime":"2026-09-04T02:51:01.642256543Z","target":"projects/bigotes-y-patitas/locations/us-east4/services/negocios-2/schemas/main","verb":"update","requestedCancellation":false,"apiVersion":"v1"},"done":false}
[debug] [2026-09-04T02:52:07.201Z] [LRO Poller] Retrying task index 0
[debug] [2026-09-04T02:52:07.202Z] Checked if tokens are valid: true, expires at: 1788493482737
[debug] [2026-09-04T02:52:07.202Z] Checked if tokens are valid: true, expires at: 1788493482737
[debug] [2026-09-04T02:52:07.203Z] >>> [apiv2][query] GET https://firebasedataconnect.googleapis.com/v1/projects/bigotes-y-patitas/locations/us-east4/operations/operation-1788490261180-65a9f56b3b09c-8ecafeca-e9e49d31 [none]
[debug] [2026-09-04T02:52:07.766Z] <<< [apiv2][status] GET https://firebasedataconnect.googleapis.com/v1/projects/bigotes-y-patitas/locations/us-east4/operations/operation-1788490261180-65a9f56b3b09c-8ecafeca-e9e49d31 200
[debug] [2026-09-04T02:52:07.767Z] <<< [apiv2][body] GET https://firebasedataconnect.googleapis.com/v1/projects/bigotes-y-patitas/locations/us-east4/operations/operation-1788490261180-65a9f56b3b09c-8ecafeca-e9e49d31 {"name":"projects/bigotes-y-patitas/locations/us-east4/operations/operation-1788490261180-65a9f56b3b09c-8ecafeca-e9e49d31","metadata":{"@type":"type.googleapis.com/google.firebase.dataconnect.v1.OperationMetadata","createTime":"2026-09-04T02:51:01.642256543Z","target":"projects/bigotes-y-patitas/locations/us-east4/services/negocios-2/schemas/main","verb":"update","requestedCancellation":false,"apiVersion":"v1"},"done":false}
